
 RUN  v4.1.5 /Users/edycu/Projects/Hackathon/Frontier/frontier-100xdevs

stdout | src/lib/__tests__/blinks.test.ts > Blinks SDK > generateBlinkUrl > should generate a blink URL using encodeURL
[Blinks SDK] Generating payment blink for 10.5 USDC to recipient_address

stdout | src/lib/__tests__/blinks.test.ts > Blinks SDK > generateBlinkUrl > should fallback to string formatting if encodeURL fails
[Blinks SDK] Generating payment blink for 20 USDC to test_recipient

stdout | src/lib/__tests__/blinks.test.ts > Blinks SDK > generateBlinkUrl > should initialize connection only once
[Blinks SDK] Generating payment blink for 10 USDC to recip

stdout | src/lib/__tests__/blinks.test.ts > Blinks SDK > generateBlinkUrl > should initialize connection only once
[Blinks SDK] Generating payment blink for 20 USDC to recip

stdout | src/lib/__tests__/blinks.test.ts > Blinks SDK > simulateBlinkTransaction > should simulate a successful blink transaction
[Blinks SDK] Creating transaction for payer: valid_payer, amount: 5

stdout | src/lib/__tests__/blinks.test.ts > Blinks SDK > simulateBlinkTransaction > should handle uninitialized connection error
[Blinks SDK] Creating transaction for payer: payer, amount: 10

stdout | src/lib/__tests__/blinks.test.ts > Blinks SDK > simulateBlinkTransaction > should handle transaction generation error (invalid pubkey)
[Blinks SDK] Creating transaction for payer: invalid, amount: 10

 ✓ src/lib/__tests__/blinks.test.ts (6 tests) 22ms
 ✓ src/lib/__tests__/store.test.ts (20 tests) 12ms
 ✓ src/app/api/splits/[id]/pay/route.test.ts (4 tests) 13ms
 ✓ src/lib/__tests__/supabase.test.ts (2 tests) 75ms
 ✓ src/app/not-found.test.tsx (1 test) 141ms
 ❯ src/app/history/page.test.tsx (4 tests | 1 failed) 149ms
     ✓ renders loading state initially 28ms
     ✓ renders empty state when no splits 45ms
     × renders list of splits when data is available 28ms
     ✓ handles fetch error gracefully 43ms
 ❯ src/app/page.test.tsx (5 tests | 2 failed) 357ms
     × renders the landing page correctly 122ms
     ✓ handles file upload and error 98ms
     ✓ handles successful file upload and redirection 97ms
     × handles demo receipt button click 19ms
     ✓ handles interaction on FeatureCard and TiltCard (mouse move) 17ms
 ✓ src/app/api/splits/[id]/route.test.ts (5 tests) 6ms
 ✓ src/app/api/actions/pay/[paymentId]/route.test.ts (9 tests) 8ms
 ✓ src/app/api/splits/route.test.ts (4 tests) 9ms
stdout | src/lib/__tests__/receipt-parser.test.ts > Receipt Parser > should use fallback demo data when OPENAI_API_KEY is not set
[Receipt Parser] No OPENAI_API_KEY found, using fallback demo data

 ✓ src/lib/__tests__/receipt-parser.test.ts (8 tests) 11ms
 ✓ src/app/api/parse-receipt/route.test.ts (6 tests) 6ms
 ✓ src/app/api/splits/[id]/generate-blinks/route.test.ts (2 tests) 3ms
 ✓ src/app/api/health/route.test.ts (1 test) 2ms
 ❯ src/app/split/[id]/blinks/page.test.tsx (4 tests | 1 failed) 1160ms
     ✓ renders loading state 33ms
     ✓ renders payers and handles copy wallet/blink 51ms
     × simulates payments coming in 1071ms
     ✓ handles fetch error gracefully 4ms
 ❯ src/app/split/[id]/page.test.tsx (6 tests | 1 failed) 1213ms
     ✓ renders loading state 30ms
     ✓ renders session data and handles assignment toggling 37ms
     × handles adding and removing people 1066ms
     ✓ handles copy wallet 11ms
     ✓ handles generate blinks 63ms
     ✓ shows error if session load fails 3ms

 Test Files  4 failed | 12 passed (16)
      Tests  5 failed | 82 passed (87)
   Start at  05:49:14
   Duration  3.05s (transform 871ms, setup 1.61s, import 2.73s, tests 3.19s, environment 13.75s)

